// Jest Snapshot v1, https://goo.gl/fbAQLP

exports[`should render NotFoundPage correctly 1`] = `
<div>
  404 Page Not Found
  <p>
    <Link
      to="/"
    >
      Go to home
    </Link>
  </p>
</div>
`;
